Auto-TX armed: message='DEMO_DEMO_334' tx≈11.8s listen≈18.3s (1× cpfsk fec=none)
  RX: min_ratio=1.12 freq_search=±0Hz bandpass=off
╭──────────────── MODE ────────────────╮╭─────────────── FRAME ────────────────╮
│ LIVE PHYSICAL CHANNEL (remote TX)    ││ STATUS: TX DONE — trailing capture   │
│ f0=3000  f1=8000                     ││ CRC: —                               │
│ Tsym=0.070s                          ││ NOTE: TX finished                    │
│ t=18.2/18.3s                         │╰──────────────────────────────────────╯
╰──────────────────────────────────────╯                                        
╭───────────────────────── WAVEFORM (live mic buffer) ─────────────────────────╮
│ ▂▄▅▆▆▅▄▃▃▂▁▁▁▂▃▅▆▇▇▇▆▅▄▃▃▂▁▂▂▄▆▆█▇▇▅▅▄▄▂▂▁ ▁▂▃▅▆▆▅▄▃▃▁  ▁▁▄▅▆▆▆▆▆▅▄▃▂▂▂▁     │
╰──────────────────────────────────────────────────────────────────────────────╯
╭───────────────────── TONE ENERGY (from capture buffer) ──────────────────────╮
│ f0 ░░░░░░░░░░░░░░░░░░░░░░░░ 1.63e-04                                         │
│ f1 ░░░░░░░░░░░░░░░░░░░░░░░░ 1.11e-03                                         │
│ bit → 1                                                                      │
╰──────────────────────────────────────────────────────────────────────────────╯
╭───────────────────────────── RECOVERED MESSAGE ──────────────────────────────╮
│ —                                                                            │
╰──────────────────────────────────────────────────────────────────────────────╯
Capture done: samples=876480 (18.3s) peak=0.889 — full decode…
╭─────────────────────────────────── RESULT ───────────────────────────────────╮
│ Recovered: ''                                                                │
│ CRC: Preamble/sync word not found                                            │
│ Status: SYNCED                                                               │
│ Audio samples: 876480                                                        │
│ Provenance: PHYSICAL_RX                                                      │
╰──────────────────────────────────────────────────────────────────────────────╯
