Auto-TX armed: message='HELLO' tx≈82.8s listen≈91.3s (2× cpfsk fec=hamming74)
  RX: min_ratio=1.08 freq_search=±150Hz bandpass=off
╭──────────────── MODE ────────────────╮╭─────────────── FRAME ────────────────╮
│ LIVE PHYSICAL CHANNEL (remote TX)    ││ STATUS: TX DONE — trailing capture   │
│ f0=15000  f1=16000                   ││ CRC: —                               │
│ Tsym=0.250s                          ││ NOTE: TX finished                    │
│ t=91.3/91.3s                         │╰──────────────────────────────────────╯
╰──────────────────────────────────────╯                                        
╭───────────────────────── WAVEFORM (live mic buffer) ─────────────────────────╮
│ ▅▆▇▇▆▆▅▄▄▃▂▁▁▃▅▇▇▇▆▆▆▆▃▃▃▂▁▁▂▅▇▇▇▇▆▆▆▆▅▃▂▂▁▃▅▅▇█▇▆▅▄▃▄▂▂▁▂▄▆▇▇▆▆▆▄▄▃▃▂▁▂     │
╰──────────────────────────────────────────────────────────────────────────────╯
╭───────────────────── TONE ENERGY (from capture buffer) ──────────────────────╮
│ f0 ░░░░░░░░░░░░░░░░░░░░░░░░ 1.16e-03                                         │
│ f1 ░░░░░░░░░░░░░░░░░░░░░░░░ 2.94e-04                                         │
│ bit → 0                                                                      │
╰──────────────────────────────────────────────────────────────────────────────╯
╭───────────────────────────── RECOVERED MESSAGE ──────────────────────────────╮
│ —                                                                            │
╰──────────────────────────────────────────────────────────────────────────────╯
Saved capture: output/part3/physical/nearus_20260806T185711_HELLO.wav
Capture done: samples=4382400 (91.3s) peak=0.918 — full decode…
╭─────────────────────────────────── RESULT ───────────────────────────────────╮
│ Recovered: 'HELLO'                                                           │
│ CRC: CRC VALID                                                               │
│ Status: CRC_VALID                                                            │
│ Audio samples: 4382400                                                       │
│ Provenance: PHYSICAL_RX                                                      │
╰──────────────────────────────────────────────────────────────────────────────╯
