Auto-TX armed: message='HELLO' tx≈25.3s listen≈31.8s (2× cpfsk fec=none)
  RX: min_ratio=1.12 freq_search=±0Hz bandpass=off
╭──────────────── MODE ────────────────╮╭─────────────── FRAME ────────────────╮
│ LIVE PHYSICAL CHANNEL (remote TX)    ││ STATUS: TX DONE — trailing capture   │
│ f0=3500  f1=7500                     ││ CRC: —                               │
│ Tsym=0.120s                          ││ NOTE: TX finished                    │
│ t=31.7/31.8s                         │╰──────────────────────────────────────╯
╰──────────────────────────────────────╯                                        
╭───────────────────────── WAVEFORM (live mic buffer) ─────────────────────────╮
│ ▁▁▃▅▆▆▇▇▆▅▄▄▂▂▁ ▁▄▅▆▇▆▆▅▅▄▄▃▂▁ ▂▄▆▇█▇▅▅▄▄▃▃▂▁▁▃▅▆▆▆▆▅▄▄▃▃▂▁▁▂▄▅▆▇▆▅▅▄▃▂▂     │
╰──────────────────────────────────────────────────────────────────────────────╯
╭───────────────────── TONE ENERGY (from capture buffer) ──────────────────────╮
│ f0 ░░░░░░░░░░░░░░░░░░░░░░░░ 2.96e-04                                         │
│ f1 ░░░░░░░░░░░░░░░░░░░░░░░░ 2.09e-06                                         │
│ bit → 0                                                                      │
╰──────────────────────────────────────────────────────────────────────────────╯
╭───────────────────────────── RECOVERED MESSAGE ──────────────────────────────╮
│ —                                                                            │
╰──────────────────────────────────────────────────────────────────────────────╯
Saved capture: output/part3/physical/phys_20260806T170346_120ms_HELLO.wav
Capture done: samples=1524480 (31.8s) peak=0.918 — full decode…
╭─────────────────────────────────── RESULT ───────────────────────────────────╮
│ Recovered: ''                                                                │
│ CRC: Preamble/sync word not found                                            │
│ Status: PREAMBLE_CANDIDATE                                                   │
│ Audio samples: 1524480                                                       │
│ Provenance: PHYSICAL_RX                                                      │
╰──────────────────────────────────────────────────────────────────────────────╯
