Auto-TX armed: message='HELLO' tx≈82.8s listen≈89.3s (2× cpfsk)
╭──────────────── MODE ────────────────╮╭─────────────── FRAME ────────────────╮
│ LIVE PHYSICAL CHANNEL (remote TX)    ││ STATUS: TX DONE — trailing capture   │
│ f0=15000  f1=16000                   ││ CRC: —                               │
│ Tsym=0.250s                          ││ NOTE: TX finished                    │
│ t=89.2/89.3s                         │╰──────────────────────────────────────╯
╰──────────────────────────────────────╯                                        
╭───────────────────────── WAVEFORM (live mic buffer) ─────────────────────────╮
│ ▁▂▄▃▆▆▇▆▄▂▁▁▁▁▁▁▄▅▆▇▇▆▅▄▂▁▁▂▄▅▆▆▆▆▅▅▄▆▄▂▂▁▁▁▂▂▂▂▃▄▄▃▃▃▄█▆▆▅▄▄▃▂▁▂▂▄▆▇▅▅▃     │
╰──────────────────────────────────────────────────────────────────────────────╯
╭───────────────────── TONE ENERGY (from capture buffer) ──────────────────────╮
│ f0 ░░░░░░░░░░░░░░░░░░░░░░░░ 6.13e-05                                         │
│ f1 ░░░░░░░░░░░░░░░░░░░░░░░░ 6.36e-05                                         │
│ bit → 1                                                                      │
╰──────────────────────────────────────────────────────────────────────────────╯
╭───────────────────────────── RECOVERED MESSAGE ──────────────────────────────╮
│ —                                                                            │
╰──────────────────────────────────────────────────────────────────────────────╯
Saved capture: output/lab_nua_HELLO_20260804T195738.wav
Capture done: samples=4286400 (89.3s) peak=0.918 — full decode…
╭─────────────────────────────────── RESULT ───────────────────────────────────╮
│ Recovered: 'HELLO'                                                           │
│ CRC: CRC VALID                                                               │
│ Status: CRC_VALID                                                            │
│ Audio samples: 4286400                                                       │
│ Provenance: PHYSICAL_RX                                                      │
╰──────────────────────────────────────────────────────────────────────────────╯
