Auto-TX armed: message='this_is_working!!!' tx≈173.8s listen≈182.3s (2× cpfsk 
fec=hamming74)
  RX: min_ratio=1.08 freq_search=±150Hz bandpass=off
╭──────────────── MODE ────────────────╮╭─────────────── FRAME ────────────────╮
│ LIVE PHYSICAL CHANNEL (remote TX)    ││ STATUS: TX DONE — trailing capture   │
│ f0=15000  f1=16000                   ││ CRC: —                               │
│ Tsym=0.250s                          ││ NOTE: TX finished                    │
│ t=182.2/182.3s                       │╰──────────────────────────────────────╯
╰──────────────────────────────────────╯                                        
╭───────────────────────── WAVEFORM (live mic buffer) ─────────────────────────╮
│ ▁▁▁ ▂▂▅▆▅▅▅▅▅▄▃▂▁▁▁▁▂▃▆▅▆▅▅▅▄▂▂▂▁ ▁▂▃▅▆▇▇▆▅▄▃▃▁▁▁▁▃▄▅▅▅▅▅▄▂▁▂▁▁▂▆▇█▇▅▅▄▅     │
╰──────────────────────────────────────────────────────────────────────────────╯
╭───────────────────── TONE ENERGY (from capture buffer) ──────────────────────╮
│ f0 ░░░░░░░░░░░░░░░░░░░░░░░░ 3.27e-04                                         │
│ f1 ░░░░░░░░░░░░░░░░░░░░░░░░ 4.05e-04                                         │
│ bit → 1                                                                      │
╰──────────────────────────────────────────────────────────────────────────────╯
╭───────────────────────────── RECOVERED MESSAGE ──────────────────────────────╮
│ —                                                                            │
╰──────────────────────────────────────────────────────────────────────────────╯
Saved capture: 
output/lab_nearus_payloads/20260804T201521_this_is_working!!!_.wav
Capture done: samples=8750400 (182.3s) peak=0.918 — full decode…
╭─────────────────────────────────── RESULT ───────────────────────────────────╮
│ Recovered: 'this_is_working!!!'                                              │
│ CRC: CRC VALID                                                               │
│ Status: CRC_VALID                                                            │
│ Audio samples: 8750400                                                       │
│ Provenance: PHYSICAL_RX                                                      │
╰──────────────────────────────────────────────────────────────────────────────╯
