Auto-TX armed: message='p4$$w0rd' tx≈103.8s listen≈112.3s (2× cpfsk 
fec=hamming74)
  RX: min_ratio=1.08 freq_search=±150Hz bandpass=off
╭──────────────── MODE ────────────────╮╭─────────────── FRAME ────────────────╮
│ LIVE PHYSICAL CHANNEL (remote TX)    ││ STATUS: TRANSMITTING                 │
│ f0=15000  f1=16000                   ││ CRC: —                               │
│ Tsym=0.250s                          ││ NOTE: TX started                     │
│ t=112.3/112.3s                       │╰──────────────────────────────────────╯
╰──────────────────────────────────────╯                                        
╭───────────────────────── WAVEFORM (live mic buffer) ─────────────────────────╮
│ ▃▃▂▃▄▄▂▃▃▄▄▄▄▃▃▃▃▃▄▅▅▆▆▆▅▄▄▄▄▃▃▄▄▆▅▆▆▅▅▄▄▃▃▃▄▅█▇▆▆▇▇▅▃▂▂▄▅▄▆▆▇▆▆▄▃▃▄▂▂▂▃     │
╰──────────────────────────────────────────────────────────────────────────────╯
╭───────────────────── TONE ENERGY (from capture buffer) ──────────────────────╮
│ f0 ░░░░░░░░░░░░░░░░░░░░░░░░ 8.44e-04                                         │
│ f1 ███████████████████░░░░░ 9.15e+00                                         │
│ bit → 1                                                                      │
╰──────────────────────────────────────────────────────────────────────────────╯
╭───────────────────────────── RECOVERED MESSAGE ──────────────────────────────╮
│ —                                                                            │
╰──────────────────────────────────────────────────────────────────────────────╯
Saved capture: output/lab_nearus_payloads/20260804T200144_p4$$w0rd_.wav
Capture done: samples=5390400 (112.3s) peak=0.918 — full decode…
╭─────────────────────────────────── RESULT ───────────────────────────────────╮
│ Recovered: 'p41068552w0rd'                                                   │
│ CRC: CRC VALID                                                               │
│ Status: CRC_VALID                                                            │
│ Audio samples: 5390400                                                       │
│ Provenance: PHYSICAL_RX                                                      │
╰──────────────────────────────────────────────────────────────────────────────╯
