Auto-TX armed: message='demo_sinclair_2000' tx≈173.8s listen≈182.3s (2× cpfsk 
fec=hamming74)
  RX: min_ratio=1.08 freq_search=±150Hz bandpass=off
╭──────────────── MODE ────────────────╮╭─────────────── FRAME ────────────────╮
│ LIVE PHYSICAL CHANNEL (remote TX)    ││ STATUS: TX DONE — trailing capture   │
│ f0=15000  f1=16000                   ││ CRC: —                               │
│ Tsym=0.250s                          ││ NOTE: TX finished                    │
│ t=182.3/182.3s                       │╰──────────────────────────────────────╯
╰──────────────────────────────────────╯                                        
╭───────────────────────── WAVEFORM (live mic buffer) ─────────────────────────╮
│ ▁▂▆▅▅▆▆▅▄▄▂▁▃▃▃▄▄▅█▆▇▆▅▄▃▄▂▁▁▂▁▃▄▅▄▄▄▄▃▃▃▁▁▁▁▃▅▅▇▇▆▇▅▅▅▅▄▃▂▂▄▆▆▅▆▆▅▄▄▄▃▂     │
╰──────────────────────────────────────────────────────────────────────────────╯
╭───────────────────── TONE ENERGY (from capture buffer) ──────────────────────╮
│ f0 ░░░░░░░░░░░░░░░░░░░░░░░░ 3.45e-04                                         │
│ f1 ░░░░░░░░░░░░░░░░░░░░░░░░ 9.94e-05                                         │
│ bit → 0                                                                      │
╰──────────────────────────────────────────────────────────────────────────────╯
╭───────────────────────────── RECOVERED MESSAGE ──────────────────────────────╮
│ —                                                                            │
╰──────────────────────────────────────────────────────────────────────────────╯
Saved capture: 
output/lab_nearus_payloads/20260804T201103_demo_sinclair_2000_.wav
Capture done: samples=8750400 (182.3s) peak=0.918 — full decode…
╭─────────────────────────────────── RESULT ───────────────────────────────────╮
│ Recovered: 'demo_sinclair_2000'                                              │
│ CRC: CRC VALID                                                               │
│ Status: CRC_VALID                                                            │
│ Audio samples: 8750400                                                       │
│ Provenance: PHYSICAL_RX                                                      │
╰──────────────────────────────────────────────────────────────────────────────╯
