Auto-TX armed: message='user@domain.tld' tx≈152.8s listen≈161.3s (2× cpfsk 
fec=hamming74)
  RX: min_ratio=1.08 freq_search=±150Hz bandpass=off
╭──────────────── MODE ────────────────╮╭─────────────── FRAME ────────────────╮
│ LIVE PHYSICAL CHANNEL (remote TX)    ││ STATUS: TX DONE — trailing capture   │
│ f0=15000  f1=16000                   ││ CRC: —                               │
│ Tsym=0.250s                          ││ NOTE: TX finished                    │
│ t=161.2/161.3s                       │╰──────────────────────────────────────╯
╰──────────────────────────────────────╯                                        
╭───────────────────────── WAVEFORM (live mic buffer) ─────────────────────────╮
│ ▁▁▁▂▂▁ ▁▃▃▂▂▃▃▁   ▁▁▂▂▁▁▃▅▆▆▄▃▁▂▂▁▁▁▂▂▄▄▃▄▄▅▆▅▅▅▄▃▂▃▆▅▄▄▅▅▃▃▁  ▄▄▄▅▆█▇▆▅     │
╰──────────────────────────────────────────────────────────────────────────────╯
╭───────────────────── TONE ENERGY (from capture buffer) ──────────────────────╮
│ f0 ░░░░░░░░░░░░░░░░░░░░░░░░ 4.02e-04                                         │
│ f1 ░░░░░░░░░░░░░░░░░░░░░░░░ 1.11e-04                                         │
│ bit → 0                                                                      │
╰──────────────────────────────────────────────────────────────────────────────╯
╭───────────────────────────── RECOVERED MESSAGE ──────────────────────────────╮
│ —                                                                            │
╰──────────────────────────────────────────────────────────────────────────────╯
Saved capture: output/lab_nearus_payloads/20260804T200528_user@domain.tld_.wav
Capture done: samples=7742400 (161.3s) peak=0.918 — full decode…
╭─────────────────────────────────── RESULT ───────────────────────────────────╮
│ Recovered: 'user@domain.tld'                                                 │
│ CRC: CRC VALID                                                               │
│ Status: CRC_VALID                                                            │
│ Audio samples: 7742400                                                       │
│ Provenance: PHYSICAL_RX                                                      │
╰──────────────────────────────────────────────────────────────────────────────╯
